// Jest Snapshot v1, https://goo.gl/fbAQLP

exports[`render button matches the snapshot 1`] = `
<div
  id="button"
>
  <button
    className=""
  />
</div>
`;
