// Jest Snapshot v1, https://goo.gl/fbAQLP

exports[`render input matches the snapshot 1`] = `
<div
  className=""
>
  <input
    autocomplete="on"
    className=""
    d="flex"
  />
</div>
`;
